F                                                                        [100%]
=================================== FAILURES ===================================
_ test_P01_P05_R02_B03_F02_F03_F04_F06_F07_combined_processor_publication_replay _
tests/stage1/test_database.py:427: in test_P01_P05_R02_B03_F02_F03_F04_F06_F07_combined_processor_publication_replay
    os.environ, MINIO_ROOT_USER=secrets.token_hex(12), MINIO_ROOT_PASSWORD=secrets.token_hex(24)
        ^^^^^^^^^^^^^^^^^^^^^^^^^^^^^^^^^^^^^^^^^^^^^^^^^^^^^^^^^^^^^^^
E   AssertionError: []Traceback (most recent call last):
E     File "/test/tests/stage1/processor_probe.py", line 273, in <module>
E       main()
E     File "/test/tests/stage1/processor_probe.py", line 260, in main
E       json.dumps(
E     File "/usr/local/lib/python3.12/json/__init__.py", line 231, in dumps
E       return _default_encoder.encode(obj)
E              ^^^^^^^^^^^^^^^^^^^^^^^^^^^^
E     File "/usr/local/lib/python3.12/json/encoder.py", line 200, in encode
E       chunks = self.iterencode(o, _one_shot=True)
E                ^^^^^^^^^^^^^^^^^^^^^^^^^^^^^^^^^^
E     File "/usr/local/lib/python3.12/json/encoder.py", line 258, in iterencode
E       return _iterencode(o, 0)
E              ^^^^^^^^^^^^^^^^^
E     File "/usr/local/lib/python3.12/json/encoder.py", line 180, in default
E       raise TypeError(f'Object of type {o.__class__.__name__} '
E   TypeError: Object of type Decimal is not JSON serializable
=========================== short test summary info ============================
FAILED tests/stage1/test_database.py::test_P01_P05_R02_B03_F02_F03_F04_F06_F07_combined_processor_publication_replay
1 failed, 38 deselected in 494.78s (0:08:14)
